FIELD	sha256:6b79b49dbf007a081aa7f44392cf09eb1a140631b8d55bfc3f1679e21aaf9bd1
POSE_ATOM	3dmx-crystal	atom:3381a1159a49ccb7169565715acf9bf1	4039d0e560418937	40143f7ced916873	4010b851eb851eb8
POSE_ATOM	3dmx-crystal	atom:3d451c2da7d3198e386a93ffcaf91c5d	403b6e978d4fdf3b	4019df3b645a1cac	4008872b020c49ba
POSE_ATOM	3dmx-crystal	atom:89aa26341556744504307d07c7cd6c4b	403b6dd2f1a9fbe7	401d50e560418937	4010a9fbe76c8b44
POSE_ATOM	3dmx-crystal	atom:abebf62ea85988f2794f6dde6a6ffe82	403a9df3b645a1cb	401c428f5c28f5c3	4015147ae147ae14
POSE_ATOM	3dmx-crystal	atom:adc3ab7279c8bf56fac811b71dd088e6	4039d020c49ba5e3	4017b22d0e560419	40151db22d0e5604
POSE_ATOM	3dmx-crystal	atom:f9fb0bade61665c9f79247fdb6be904f	403aa04189374bc7	401551eb851eb852	4008978d4fdf3b64
RESULT	3dmx-crystal	CRYSTAL	0	33.398370206791746	482.73383831736851	0.31560011733016929	49.791076431357048	0	32.936320303671259	480.7077813521654	0.54183848567667403	49.870865861221361	0	-1.1882806135874435	-2.488975670364352	0.26518142058608812	-1.7461232593712606	-0	-1.1718413400843197	-2.4785293206517647	0.45527707839739701	-1.748921394887172	-0	-5.1581981227369678	-4.9440149772258586	0.21418314551110917	0	1	-5.1581981227369678	sha256:6b79b49dbf007a081aa7f44392cf09eb1a140631b8d55bfc3f1679e21aaf9bd1	IN_DOMAIN
POSE_ATOM	validation-translation	atom:3381a1159a49ccb7169565715acf9bf1	403a10e560418937	40143f7ced916873	4010b851eb851eb8
POSE_ATOM	validation-translation	atom:3d451c2da7d3198e386a93ffcaf91c5d	403bae978d4fdf3b	4019df3b645a1cac	4008872b020c49ba
POSE_ATOM	validation-translation	atom:89aa26341556744504307d07c7cd6c4b	403badd2f1a9fbe7	401d50e560418937	4010a9fbe76c8b44
POSE_ATOM	validation-translation	atom:abebf62ea85988f2794f6dde6a6ffe82	403addf3b645a1cb	401c428f5c28f5c3	4015147ae147ae14
POSE_ATOM	validation-translation	atom:adc3ab7279c8bf56fac811b71dd088e6	403a1020c49ba5e3	4017b22d0e560419	40151db22d0e5604
POSE_ATOM	validation-translation	atom:f9fb0bade61665c9f79247fdb6be904f	403ae04189374bc7	401551eb851eb852	4008978d4fdf3b64
RESULT	validation-translation	TRANSLATION	0	31.948645261893056	481.11945908192934	0.72793874303566497	48.31613854847442	0	31.776560119801445	482.41287382618827	0.92674668060279852	48.459985753589855	0	-1.136700849772893	-2.4806519310264274	0.61164688914200238	-1.6943986627564496	-0	-1.1305782325024156	-2.4873207774478265	0.77869426464309843	-1.6994432403926427	-0	-4.7001045544137678	-4.5386479856997859	0.16145656871398195	0	1	-4.7001045544137678	sha256:6b79b49dbf007a081aa7f44392cf09eb1a140631b8d55bfc3f1679e21aaf9bd1	IN_DOMAIN
POSE_ATOM	validation-rotation	atom:3381a1159a49ccb7169565715acf9bf1	4039f51e4d513eb8	4013e4f851f35b32	4010b851eb851eb8
POSE_ATOM	validation-rotation	atom:3d451c2da7d3198e386a93ffcaf91c5d	403b64c0270942e8	401a40754780fcb1	4008872b020c49ba
POSE_ATOM	validation-rotation	atom:89aa26341556744504307d07c7cd6c4b	403b499a049a4666	401dab69fbdf9678	4010a9fbe76c8b44
POSE_ATOM	validation-rotation	atom:abebf62ea85988f2794f6dde6a6ffe82	403a8350ad6516b4	401c3b7b9a1d130b	4015147ae147ae14
POSE_ATOM	validation-rotation	atom:adc3ab7279c8bf56fac811b71dd088e6	4039d9f052723e4f	401750f148947216	40151db22d0e5604
POSE_ATOM	validation-rotation	atom:f9fb0bade61665c9f79247fdb6be904f	403abac621a52043	401558b8f93fb3dc	4008978d4fdf3b64
RESULT	validation-rotation	ROTATION	0	32.698921249623695	482.17894621975472	0.39706698775718652	49.884326085127498	0	32.385508813312896	480.42780315342623	0.59843889717156606	49.959235955603745	0	-1.1633949191403614	-2.4861146467090554	0.33363355112803722	-1.7493934314793365	-0	-1.1522440180688596	-2.4770857530590655	0.50283529115392256	-1.7520204457270678	-0	-5.0652694462007162	-4.8785149257010705	0.18675452049964569	0	1	-5.0652694462007162	sha256:6b79b49dbf007a081aa7f44392cf09eb1a140631b8d55bfc3f1679e21aaf9bd1	IN_DOMAIN
POSE_ATOM	validation-combined	atom:3381a1159a49ccb7169565715acf9bf1	403a08bee37ddceb	40138133c62ee3f0	4010b851eb851eb8
POSE_ATOM	validation-combined	atom:3d451c2da7d3198e386a93ffcaf91c5d	403b885ab77a51d1	4019a0954470c4a5	4008872b020c49b9
POSE_ATOM	validation-combined	atom:89aa26341556744504307d07c7cd6c4b	403b75f96e6da833	401d0f2e87a40dba	4010a9fbe76c8b44
POSE_ATOM	validation-combined	atom:abebf62ea85988f2794f6dde6a6ffe82	403aac2b0aaccca8	401bbf43239b9416	4015147ae147ae14
POSE_ATOM	validation-combined	atom:adc3ab7279c8bf56fac811b71dd088e6	4039f6585db2340d	4016f0d2579d17b0	40151db22d0e5604
POSE_ATOM	validation-combined	atom:f9fb0bade61665c9f79247fdb6be904f	403ad1f5ad254622	4014d50a7d2b0e41	4008978d4fdf3b64
RESULT	validation-combined	COMBINED	0	32.930804974463491	484.32529208923643	0.51158772393283125	48.950395276131708	0	32.686155954491696	480.27666968875621	0.82366789888341563	48.998617305207937	0	-1.1716451101864365	-2.4971812060121028	0.42985902709594181	-1.716641411938663	-0	-1.1629407427048599	-2.476306508915227	0.69208283369729562	-1.7183325102763374	-0	-4.9556087010412604	-4.6654969281991283	0.29011177284213208	0	1	-4.9556087010412604	sha256:6b79b49dbf007a081aa7f44392cf09eb1a140631b8d55bfc3f1679e21aaf9bd1	IN_DOMAIN
POSE_ATOM	validation-grid-phase-half-cell	atom:3381a1159a49ccb7169565715acf9bf1	403a00e560418937	40143f7ced916873	4010b851eb851eb8
POSE_ATOM	validation-grid-phase-half-cell	atom:3d451c2da7d3198e386a93ffcaf91c5d	403b9e978d4fdf3b	4019df3b645a1cac	4008872b020c49ba
POSE_ATOM	validation-grid-phase-half-cell	atom:89aa26341556744504307d07c7cd6c4b	403b9dd2f1a9fbe7	401d50e560418937	4010a9fbe76c8b44
POSE_ATOM	validation-grid-phase-half-cell	atom:abebf62ea85988f2794f6dde6a6ffe82	403acdf3b645a1cb	401c428f5c28f5c3	4015147ae147ae14
POSE_ATOM	validation-grid-phase-half-cell	atom:adc3ab7279c8bf56fac811b71dd088e6	403a0020c49ba5e3	4017b22d0e560419	40151db22d0e5604
POSE_ATOM	validation-grid-phase-half-cell	atom:f9fb0bade61665c9f79247fdb6be904f	403ad04189374bc7	401551eb851eb852	4008978d4fdf3b64
RESULT	validation-grid-phase-half-cell	GRID_PHASE	0	32.372066734295949	480.75674946860454	0.56493951640060069	48.734222633316435	0	32.0665001657689	481.98660070768256	0.83051963187126732	48.81270578049773	0	-1.1517657623395154	-2.478781800260125	0.47468760395802273	-1.7090604535277742	-0	-1.1408940093978917	-2.4851229132488113	0.69783996808167303	-1.7118127790162749	-0	-4.8649204121693916	-4.639989733581305	0.22493067858808669	0	1	-4.8649204121693916	sha256:6b79b49dbf007a081aa7f44392cf09eb1a140631b8d55bfc3f1679e21aaf9bd1	IN_DOMAIN
POSE_ATOM	cutoff-exact-8A	atom:3381a1159a49ccb7169565715acf9bf1	403b0a4946ad5e78	3fe4ec8d52be80c8	400f111a507c904f
POSE_ATOM	cutoff-exact-8A	atom:3d451c2da7d3198e386a93ffcaf91c5d	403ca7fb73bbb47c	40007aa0424108a4	400627a17b7e9c99
POSE_ATOM	cutoff-exact-8A	atom:89aa26341556744504307d07c7cd6c4b	403ca736d815d128	40075df43a0fe1ba	400ef46e484b6967
POSE_ATOM	cutoff-exact-8A	atom:abebf62ea85988f2794f6dde6a6ffe82	403bd7579cb1770c	4005414831debad2	4013e4b61e00d783
POSE_ATOM	cutoff-exact-8A	atom:adc3ab7279c8bf56fac811b71dd088e6	403b0984ab077b24	3ff841072c71aefc	4013eded69c77f73
POSE_ATOM	cutoff-exact-8A	atom:f9fb0bade61665c9f79247fdb6be904f	403bd9a56fa32108	3fed80020f28ffc0	40063803c9518e43
RESULT	cutoff-exact-8A	TRANSLATION	1	47.459863420083892	469.28715448681334	71.609867072696161	61.039197399504843	0	47.609265364562482	469.25544412952291	71.584253300535778	60.998508986489725	0	-1.6885744806231648	-2.4196445685340096	60.169832758497584	-2.1405836136032357	-0	-1.6938900524057685	-2.4194810699318201	60.148310914508684	-2.1391567116472086	-0	53.921030095737173	53.895783080523884	-0.025247015213288648	0	1	53.921030095737173	sha256:6b79b49dbf007a081aa7f44392cf09eb1a140631b8d55bfc3f1679e21aaf9bd1	IN_DOMAIN
